// Jest Snapshot v1, https://goo.gl/fbAQLP

exports[`Test 1`] = `
<label>
  <input
    checked={false}
    onChange={[Function]}
    type="checkbox"
  />
  Off
</label>
`;
